<?xml version="1.0" encoding="utf-8"?>
<heightmap MinX="-0.425" MinY="-0.185" MaxX="102.875" MaxY="88.315" SizeX="22" SizeY="19" ZOffset="0">
  <point X="0" Y="0">0</point>
  <point X="0" Y="1">0.041</point>
  <point X="0" Y="2">0.082</point>
  <point X="0" Y="3">0.111</point>
  <point X="0" Y="4">0.152</point>
  <point X="0" Y="5">0.183</point>
  <point X="0" Y="6">0.151</point>
  <point X="0" Y="7">0.24</point>
  <point X="0" Y="8">0.261</point>
  <point X="0" Y="9">0.28</point>
  <point X="0" Y="10">0.286</point>
  <point X="0" Y="11">0.286</point>
  <point X="0" Y="12">0.281</point>
  <point X="0" Y="13">0.262</point>
  <point X="0" Y="14">0.23</point>
  <point X="0" Y="15">0.182</point>
  <point X="0" Y="16">0.14</point>
  <point X="0" Y="17">0.081</point>
  <point X="0" Y="18">0.021</point>
  <point X="1" Y="0">-0.04</point>
  <point X="1" Y="1">0</point>
  <point X="1" Y="2">0.027</point>
  <point X="1" Y="3">0.063</point>
  <point X="1" Y="4">0.102</point>
  <point X="1" Y="5">0.123</point>
  <point X="1" Y="6">0.16</point>
  <point X="1" Y="7">0.182</point>
  <point X="1" Y="8">0.201</point>
  <point X="1" Y="9">0.22</point>
  <point X="1" Y="10">0.226</point>
  <point X="1" Y="11">0.231</point>
  <point X="1" Y="12">0.225</point>
  <point X="1" Y="13">0.211</point>
  <point X="1" Y="14">0.183</point>
  <point X="1" Y="15">0.141</point>
  <point X="1" Y="16">0.1</point>
  <point X="1" Y="17">0.04</point>
  <point X="1" Y="18">-0.033</point>
  <point X="2" Y="0">-0.074</point>
  <point X="2" Y="1">-0.037</point>
  <point X="2" Y="2">0.001</point>
  <point X="2" Y="3">0.031</point>
  <point X="2" Y="4">0.061</point>
  <point X="2" Y="5">0.09</point>
  <point X="2" Y="6">0.106</point>
  <point X="2" Y="7">0.14</point>
  <point X="2" Y="8">0.152</point>
  <point X="2" Y="9">0.166</point>
  <point X="2" Y="10">0.181</point>
  <point X="2" Y="11">0.181</point>
  <point X="2" Y="12">0.18</point>
  <point X="2" Y="13">0.161</point>
  <point X="2" Y="14">0.14</point>
  <point X="2" Y="15">0.101</point>
  <point X="2" Y="16">0.06</point>
  <point X="2" Y="17">0.006</point>
  <point X="2" Y="18">-0.06</point>
  <point X="3" Y="0">-0.094</point>
  <point X="3" Y="1">-0.059</point>
  <point X="3" Y="2">-0.029</point>
  <point X="3" Y="3">0.001</point>
  <point X="3" Y="4">0.03</point>
  <point X="3" Y="5">0.05</point>
  <point X="3" Y="6">0.071</point>
  <point X="3" Y="7">0.091</point>
  <point X="3" Y="8">0.106</point>
  <point X="3" Y="9">0.122</point>
  <point X="3" Y="10">0.14</point>
  <point X="3" Y="11">0.14</point>
  <point X="3" Y="12">0.131</point>
  <point X="3" Y="13">0.123</point>
  <point X="3" Y="14">0.103</point>
  <point X="3" Y="15">0.067</point>
  <point X="3" Y="16">0.04</point>
  <point X="3" Y="17">0</point>
  <point X="3" Y="18">-0.065</point>
  <point X="4" Y="0">-0.08</point>
  <point X="4" Y="1">-0.06</point>
  <point X="4" Y="2">-0.039</point>
  <point X="4" Y="3">-0.009</point>
  <point X="4" Y="4">0.006</point>
  <point X="4" Y="5">0.023</point>
  <point X="4" Y="6">0.05</point>
  <point X="4" Y="7">0.063</point>
  <point X="4" Y="8">0.08</point>
  <point X="4" Y="9">0.091</point>
  <point X="4" Y="10">0.102</point>
  <point X="4" Y="11">0.106</point>
  <point X="4" Y="12">0.101</point>
  <point X="4" Y="13">0.092</point>
  <point X="4" Y="14">0.082</point>
  <point X="4" Y="15">0.06</point>
  <point X="4" Y="16">0.04</point>
  <point X="4" Y="17">0.003</point>
  <point X="4" Y="18">-0.025</point>
  <point X="5" Y="0">-0.08</point>
  <point X="5" Y="1">-0.069</point>
  <point X="5" Y="2">-0.049</point>
  <point X="5" Y="3">-0.034</point>
  <point X="5" Y="4">-0.015</point>
  <point X="5" Y="5">0.003</point>
  <point X="5" Y="6">0.022</point>
  <point X="5" Y="7">0.04</point>
  <point X="5" Y="8">0.046</point>
  <point X="5" Y="9">0.06</point>
  <point X="5" Y="10">0.071</point>
  <point X="5" Y="11">0.071</point>
  <point X="5" Y="12">0.071</point>
  <point X="5" Y="13">0.072</point>
  <point X="5" Y="14">0.062</point>
  <point X="5" Y="15">0.051</point>
  <point X="5" Y="16">0.042</point>
  <point X="5" Y="17">0.031</point>
  <point X="5" Y="18">0.006</point>
  <point X="6" Y="0">-0.069</point>
  <point X="6" Y="1">-0.058</point>
  <point X="6" Y="2">-0.048</point>
  <point X="6" Y="3">-0.038</point>
  <point X="6" Y="4">-0.019</point>
  <point X="6" Y="5">-0.01</point>
  <point X="6" Y="6">0.002</point>
  <point X="6" Y="7">0.02</point>
  <point X="6" Y="8">0.031</point>
  <point X="6" Y="9">0.031</point>
  <point X="6" Y="10">0.046</point>
  <point X="6" Y="11">0.051</point>
  <point X="6" Y="12">0.06</point>
  <point X="6" Y="13">0.051</point>
  <point X="6" Y="14">0.065</point>
  <point X="6" Y="15">0.06</point>
  <point X="6" Y="16">0.053</point>
  <point X="6" Y="17">0.061</point>
  <point X="6" Y="18">0.061</point>
  <point X="7" Y="0">-0.057</point>
  <point X="7" Y="1">-0.049</point>
  <point X="7" Y="2">-0.049</point>
  <point X="7" Y="3">-0.049</point>
  <point X="7" Y="4">-0.038</point>
  <point X="7" Y="5">-0.029</point>
  <point X="7" Y="6">-0.013</point>
  <point X="7" Y="7">0</point>
  <point X="7" Y="8">0.011</point>
  <point X="7" Y="9">0.013</point>
  <point X="7" Y="10">0.025</point>
  <point X="7" Y="11">0.031</point>
  <point X="7" Y="12">0.041</point>
  <point X="7" Y="13">0.051</point>
  <point X="7" Y="14">0.06</point>
  <point X="7" Y="15">0.066</point>
  <point X="7" Y="16">0.082</point>
  <point X="7" Y="17">0.1</point>
  <point X="7" Y="18">0.11</point>
  <point X="8" Y="0">-0.038</point>
  <point X="8" Y="1">-0.037</point>
  <point X="8" Y="2">-0.037</point>
  <point X="8" Y="3">-0.039</point>
  <point X="8" Y="4">-0.034</point>
  <point X="8" Y="5">-0.029</point>
  <point X="8" Y="6">-0.02</point>
  <point X="8" Y="7">-0.015</point>
  <point X="8" Y="8">0</point>
  <point X="8" Y="9">0.005</point>
  <point X="8" Y="10">0.011</point>
  <point X="8" Y="11">0.022</point>
  <point X="8" Y="12">0.031</point>
  <point X="8" Y="13">0.046</point>
  <point X="8" Y="14">0.062</point>
  <point X="8" Y="15">0.095</point>
  <point X="8" Y="16">0.102</point>
  <point X="8" Y="17">0.14</point>
  <point X="8" Y="18">0.175</point>
  <point X="9" Y="0">-0.017</point>
  <point X="9" Y="1">-0.034</point>
  <point X="9" Y="2">-0.038</point>
  <point X="9" Y="3">-0.04</point>
  <point X="9" Y="4">-0.039</point>
  <point X="9" Y="5">-0.038</point>
  <point X="9" Y="6">-0.034</point>
  <point X="9" Y="7">-0.029</point>
  <point X="9" Y="8">-0.018</point>
  <point X="9" Y="9">-0.015</point>
  <point X="9" Y="10">0</point>
  <point X="9" Y="11">0.006</point>
  <point X="9" Y="12">0.023</point>
  <point X="9" Y="13">0.046</point>
  <point X="9" Y="14">0.062</point>
  <point X="9" Y="15">0.09</point>
  <point X="9" Y="16">0.131</point>
  <point X="9" Y="17">0.165</point>
  <point X="9" Y="18">0.21</point>
  <point X="10" Y="0">-0.009</point>
  <point X="10" Y="1">-0.02</point>
  <point X="10" Y="2">-0.037</point>
  <point X="10" Y="3">-0.04</point>
  <point X="10" Y="4">-0.04</point>
  <point X="10" Y="5">-0.05</point>
  <point X="10" Y="6">-0.04</point>
  <point X="10" Y="7">-0.039</point>
  <point X="10" Y="8">-0.034</point>
  <point X="10" Y="9">-0.02</point>
  <point X="10" Y="10">-0.014</point>
  <point X="10" Y="11">0.003</point>
  <point X="10" Y="12">0.02</point>
  <point X="10" Y="13">0.04</point>
  <point X="10" Y="14">0.065</point>
  <point X="10" Y="15">0.1</point>
  <point X="10" Y="16">0.14</point>
  <point X="10" Y="17">0.182</point>
  <point X="10" Y="18">0.24</point>
  <point X="11" Y="0">0</point>
  <point X="11" Y="1">-0.029</point>
  <point X="11" Y="2">-0.038</point>
  <point X="11" Y="3">-0.05</point>
  <point X="11" Y="4">-0.054</point>
  <point X="11" Y="5">-0.058</point>
  <point X="11" Y="6">-0.057</point>
  <point X="11" Y="7">-0.05</point>
  <point X="11" Y="8">-0.049</point>
  <point X="11" Y="9">-0.04</point>
  <point X="11" Y="10">-0.02</point>
  <point X="11" Y="11">-0.01</point>
  <point X="11" Y="12">0.007</point>
  <point X="11" Y="13">0.04</point>
  <point X="11" Y="14">0.062</point>
  <point X="11" Y="15">0.101</point>
  <point X="11" Y="16">0.141</point>
  <point X="11" Y="17">0.2</point>
  <point X="11" Y="18">0.251</point>
  <point X="12" Y="0">0.002</point>
  <point X="12" Y="1">-0.017</point>
  <point X="12" Y="2">-0.035</point>
  <point X="12" Y="3">-0.048</point>
  <point X="12" Y="4">-0.055</point>
  <point X="12" Y="5">-0.06</point>
  <point X="12" Y="6">-0.055</point>
  <point X="12" Y="7">-0.058</point>
  <point X="12" Y="8">-0.049</point>
  <point X="12" Y="9">-0.039</point>
  <point X="12" Y="10">-0.033</point>
  <point X="12" Y="11">-0.014</point>
  <point X="12" Y="12">0.006</point>
  <point X="12" Y="13">0.032</point>
  <point X="12" Y="14">0.061</point>
  <point X="12" Y="15">0.106</point>
  <point X="12" Y="16">0.146</point>
  <point X="12" Y="17">0.2</point>
  <point X="12" Y="18">0.26</point>
  <point X="13" Y="0">0.011</point>
  <point X="13" Y="1">-0.017</point>
  <point X="13" Y="2">-0.035</point>
  <point X="13" Y="3">-0.049</point>
  <point X="13" Y="4">-0.055</point>
  <point X="13" Y="5">-0.06</point>
  <point X="13" Y="6">-0.06</point>
  <point X="13" Y="7">-0.06</point>
  <point X="13" Y="8">-0.059</point>
  <point X="13" Y="9">-0.049</point>
  <point X="13" Y="10">-0.035</point>
  <point X="13" Y="11">-0.02</point>
  <point X="13" Y="12">0.005</point>
  <point X="13" Y="13">0.04</point>
  <point X="13" Y="14">0.061</point>
  <point X="13" Y="15">0.101</point>
  <point X="13" Y="16">0.153</point>
  <point X="13" Y="17">0.191</point>
  <point X="13" Y="18">0.26</point>
  <point X="14" Y="0">0.011</point>
  <point X="14" Y="1">-0.013</point>
  <point X="14" Y="2">-0.034</point>
  <point X="14" Y="3">-0.047</point>
  <point X="14" Y="4">-0.054</point>
  <point X="14" Y="5">-0.06</point>
  <point X="14" Y="6">-0.06</point>
  <point X="14" Y="7">-0.06</point>
  <point X="14" Y="8">-0.057</point>
  <point X="14" Y="9">-0.055</point>
  <point X="14" Y="10">-0.039</point>
  <point X="14" Y="11">-0.02</point>
  <point X="14" Y="12">0.002</point>
  <point X="14" Y="13">0.022</point>
  <point X="14" Y="14">0.06</point>
  <point X="14" Y="15">0.1</point>
  <point X="14" Y="16">0.14</point>
  <point X="14" Y="17">0.2</point>
  <point X="14" Y="18">0.261</point>
  <point X="15" Y="0">0.011</point>
  <point X="15" Y="1">-0.009</point>
  <point X="15" Y="2">-0.03</point>
  <point X="15" Y="3">-0.04</point>
  <point X="15" Y="4">-0.059</point>
  <point X="15" Y="5">-0.069</point>
  <point X="15" Y="6">-0.07</point>
  <point X="15" Y="7">-0.074</point>
  <point X="15" Y="8">-0.06</point>
  <point X="15" Y="9">-0.06</point>
  <point X="15" Y="10">-0.04</point>
  <point X="15" Y="11">-0.029</point>
  <point X="15" Y="12">-0.018</point>
  <point X="15" Y="13">0.02</point>
  <point X="15" Y="14">0.051</point>
  <point X="15" Y="15">0.091</point>
  <point X="15" Y="16">0.131</point>
  <point X="15" Y="17">0.19</point>
  <point X="15" Y="18">0.252</point>
  <point X="16" Y="0">0.02</point>
  <point X="16" Y="1">0</point>
  <point X="16" Y="2">-0.027</point>
  <point X="16" Y="3">-0.045</point>
  <point X="16" Y="4">-0.054</point>
  <point X="16" Y="5">-0.06</point>
  <point X="16" Y="6">-0.074</point>
  <point X="16" Y="7">-0.069</point>
  <point X="16" Y="8">-0.059</point>
  <point X="16" Y="9">-0.057</point>
  <point X="16" Y="10">-0.04</point>
  <point X="16" Y="11">-0.034</point>
  <point X="16" Y="12">-0.009</point>
  <point X="16" Y="13">0.02</point>
  <point X="16" Y="14">0.051</point>
  <point X="16" Y="15">0.081</point>
  <point X="16" Y="16">0.126</point>
  <point X="16" Y="17">0.181</point>
  <point X="16" Y="18">0.24</point>
  <point X="17" Y="0">0.012</point>
  <point X="17" Y="1">-0.014</point>
  <point X="17" Y="2">-0.038</point>
  <point X="17" Y="3">-0.054</point>
  <point X="17" Y="4">-0.059</point>
  <point X="17" Y="5">-0.06</point>
  <point X="17" Y="6">-0.074</point>
  <point X="17" Y="7">-0.07</point>
  <point X="17" Y="8">-0.06</point>
  <point X="17" Y="9">-0.06</point>
  <point X="17" Y="10">-0.05</point>
  <point X="17" Y="11">-0.035</point>
  <point X="17" Y="12">-0.014</point>
  <point X="17" Y="13">0.01</point>
  <point X="17" Y="14">0.04</point>
  <point X="17" Y="15">0.08</point>
  <point X="17" Y="16">0.12</point>
  <point X="17" Y="17">0.17</point>
  <point X="17" Y="18">0.222</point>
  <point X="18" Y="0">0.01</point>
  <point X="18" Y="1">-0.014</point>
  <point X="18" Y="2">-0.035</point>
  <point X="18" Y="3">-0.049</point>
  <point X="18" Y="4">-0.058</point>
  <point X="18" Y="5">-0.06</point>
  <point X="18" Y="6">-0.074</point>
  <point X="18" Y="7">-0.074</point>
  <point X="18" Y="8">-0.069</point>
  <point X="18" Y="9">-0.06</point>
  <point X="18" Y="10">-0.054</point>
  <point X="18" Y="11">-0.039</point>
  <point X="18" Y="12">-0.018</point>
  <point X="18" Y="13">0.001</point>
  <point X="18" Y="14">0.031</point>
  <point X="18" Y="15">0.066</point>
  <point X="18" Y="16">0.101</point>
  <point X="18" Y="17">0.146</point>
  <point X="18" Y="18">0.205</point>
  <point X="19" Y="0">0.001</point>
  <point X="19" Y="1">-0.028</point>
  <point X="19" Y="2">-0.049</point>
  <point X="19" Y="3">-0.054</point>
  <point X="19" Y="4">-0.06</point>
  <point X="19" Y="5">-0.069</point>
  <point X="19" Y="6">-0.078</point>
  <point X="19" Y="7">-0.075</point>
  <point X="19" Y="8">-0.069</point>
  <point X="19" Y="9">-0.06</point>
  <point X="19" Y="10">-0.058</point>
  <point X="19" Y="11">-0.039</point>
  <point X="19" Y="12">-0.02</point>
  <point X="19" Y="13">0</point>
  <point X="19" Y="14">0.021</point>
  <point X="19" Y="15">0.052</point>
  <point X="19" Y="16">0.086</point>
  <point X="19" Y="17">0.13</point>
  <point X="19" Y="18">0.181</point>
  <point X="20" Y="0">-0.014</point>
  <point X="20" Y="1">-0.029</point>
  <point X="20" Y="2">-0.04</point>
  <point X="20" Y="3">-0.059</point>
  <point X="20" Y="4">-0.06</point>
  <point X="20" Y="5">-0.07</point>
  <point X="20" Y="6">-0.074</point>
  <point X="20" Y="7">-0.07</point>
  <point X="20" Y="8">-0.069</point>
  <point X="20" Y="9">-0.06</point>
  <point X="20" Y="10">-0.058</point>
  <point X="20" Y="11">-0.04</point>
  <point X="20" Y="12">-0.02</point>
  <point X="20" Y="13">-0.014</point>
  <point X="20" Y="14">0.018</point>
  <point X="20" Y="15">0.042</point>
  <point X="20" Y="16">0.066</point>
  <point X="20" Y="17">0.11</point>
  <point X="20" Y="18">0.161</point>
  <point X="21" Y="0">-0.02</point>
  <point X="21" Y="1">-0.039</point>
  <point X="21" Y="2">-0.055</point>
  <point X="21" Y="3">-0.06</point>
  <point X="21" Y="4">-0.069</point>
  <point X="21" Y="5">-0.07</point>
  <point X="21" Y="6">-0.075</point>
  <point X="21" Y="7">-0.074</point>
  <point X="21" Y="8">-0.06</point>
  <point X="21" Y="9">-0.06</point>
  <point X="21" Y="10">-0.058</point>
  <point X="21" Y="11">-0.04</point>
  <point X="21" Y="12">-0.035</point>
  <point X="21" Y="13">-0.015</point>
  <point X="21" Y="14">0.006</point>
  <point X="21" Y="15">0.031</point>
  <point X="21" Y="16">0.06</point>
  <point X="21" Y="17">0.1</point>
  <point X="21" Y="18">0.14</point>
</heightmap>