Archive member included to satisfy reference by file (symbol)

c:/mounriver/mounriver_studio2/resources/app/resources/win32/components/wch/toolchain/risc-v embedded gcc/bin/../lib/gcc/riscv-none-embed/8.2.0/../../../../riscv-none-embed/lib/rv32ecxw/ilp32e\libprintf.a(wchprintf.o)
                              ./User/main.o (sprintf)
c:/mounriver/mounriver_studio2/resources/app/resources/win32/components/wch/toolchain/risc-v embedded gcc/bin/../lib/gcc/riscv-none-embed/8.2.0/rv32ecxw/ilp32e\libgcc.a(save-restore.o)
                              ./User/main.o (__riscv_save_2)
c:/mounriver/mounriver_studio2/resources/app/resources/win32/components/wch/toolchain/risc-v embedded gcc/bin/../lib/gcc/riscv-none-embed/8.2.0/rv32ecxw/ilp32e\libgcc.a(muldi3.o)
                              ./Debug/debug.o (__mulsi3)
c:/mounriver/mounriver_studio2/resources/app/resources/win32/components/wch/toolchain/risc-v embedded gcc/bin/../lib/gcc/riscv-none-embed/8.2.0/rv32ecxw/ilp32e\libgcc.a(div.o)
                              ./Peripheral/src/ch32v00x_usart.o (__divsi3)
c:/mounriver/mounriver_studio2/resources/app/resources/win32/components/wch/toolchain/risc-v embedded gcc/bin/../lib/gcc/riscv-none-embed/8.2.0/../../../../riscv-none-embed/lib/rv32ecxw/ilp32e\libg_nano.a(lib_a-memset.o)
                              ./User/main.o (memset)
c:/mounriver/mounriver_studio2/resources/app/resources/win32/components/wch/toolchain/risc-v embedded gcc/bin/../lib/gcc/riscv-none-embed/8.2.0/../../../../riscv-none-embed/lib/rv32ecxw/ilp32e\libg_nano.a(lib_a-sscanf.o)
                              ./User/main.o (sscanf)
c:/mounriver/mounriver_studio2/resources/app/resources/win32/components/wch/toolchain/risc-v embedded gcc/bin/../lib/gcc/riscv-none-embed/8.2.0/../../../../riscv-none-embed/lib/rv32ecxw/ilp32e\libg_nano.a(lib_a-stdio.o)
                              c:/mounriver/mounriver_studio2/resources/app/resources/win32/components/wch/toolchain/risc-v embedded gcc/bin/../lib/gcc/riscv-none-embed/8.2.0/../../../../riscv-none-embed/lib/rv32ecxw/ilp32e\libg_nano.a(lib_a-sscanf.o) (__seofread)
c:/mounriver/mounriver_studio2/resources/app/resources/win32/components/wch/toolchain/risc-v embedded gcc/bin/../lib/gcc/riscv-none-embed/8.2.0/../../../../riscv-none-embed/lib/rv32ecxw/ilp32e\libg_nano.a(lib_a-strlen.o)
                              c:/mounriver/mounriver_studio2/resources/app/resources/win32/components/wch/toolchain/risc-v embedded gcc/bin/../lib/gcc/riscv-none-embed/8.2.0/../../../../riscv-none-embed/lib/rv32ecxw/ilp32e\libg_nano.a(lib_a-sscanf.o) (strlen)
c:/mounriver/mounriver_studio2/resources/app/resources/win32/components/wch/toolchain/risc-v embedded gcc/bin/../lib/gcc/riscv-none-embed/8.2.0/../../../../riscv-none-embed/lib/rv32ecxw/ilp32e\libg_nano.a(lib_a-writer.o)
                              c:/mounriver/mounriver_studio2/resources/app/resources/win32/components/wch/toolchain/risc-v embedded gcc/bin/../lib/gcc/riscv-none-embed/8.2.0/../../../../riscv-none-embed/lib/rv32ecxw/ilp32e\libg_nano.a(lib_a-stdio.o) (_write_r)
c:/mounriver/mounriver_studio2/resources/app/resources/win32/components/wch/toolchain/risc-v embedded gcc/bin/../lib/gcc/riscv-none-embed/8.2.0/../../../../riscv-none-embed/lib/rv32ecxw/ilp32e\libg_nano.a(lib_a-closer.o)
                              c:/mounriver/mounriver_studio2/resources/app/resources/win32/components/wch/toolchain/risc-v embedded gcc/bin/../lib/gcc/riscv-none-embed/8.2.0/../../../../riscv-none-embed/lib/rv32ecxw/ilp32e\libg_nano.a(lib_a-stdio.o) (_close_r)
c:/mounriver/mounriver_studio2/resources/app/resources/win32/components/wch/toolchain/risc-v embedded gcc/bin/../lib/gcc/riscv-none-embed/8.2.0/../../../../riscv-none-embed/lib/rv32ecxw/ilp32e\libg_nano.a(lib_a-impure.o)
                              c:/mounriver/mounriver_studio2/resources/app/resources/win32/components/wch/toolchain/risc-v embedded gcc/bin/../lib/gcc/riscv-none-embed/8.2.0/../../../../riscv-none-embed/lib/rv32ecxw/ilp32e\libg_nano.a(lib_a-sscanf.o) (_impure_ptr)
c:/mounriver/mounriver_studio2/resources/app/resources/win32/components/wch/toolchain/risc-v embedded gcc/bin/../lib/gcc/riscv-none-embed/8.2.0/../../../../riscv-none-embed/lib/rv32ecxw/ilp32e\libg_nano.a(lib_a-lseekr.o)
                              c:/mounriver/mounriver_studio2/resources/app/resources/win32/components/wch/toolchain/risc-v embedded gcc/bin/../lib/gcc/riscv-none-embed/8.2.0/../../../../riscv-none-embed/lib/rv32ecxw/ilp32e\libg_nano.a(lib_a-stdio.o) (_lseek_r)
c:/mounriver/mounriver_studio2/resources/app/resources/win32/components/wch/toolchain/risc-v embedded gcc/bin/../lib/gcc/riscv-none-embed/8.2.0/../../../../riscv-none-embed/lib/rv32ecxw/ilp32e\libg_nano.a(lib_a-nano-svfscanf.o)
[...]
Memory Configuration

Name             Origin             Length             Attributes
FLASH            0x0000000000000000 0x0000000000004000 xr
RAM              0x0000000020000000 0x0000000000000800 xrw
*default*        0x0000000000000000 0xffffffffffffffff

Linker script and memory map

LOAD ./User/ch32v00x_it.o
LOAD ./User/main.o
LOAD ./User/system_ch32v00x.o
LOAD ./Startup/startup_ch32v00x.o
LOAD ./Peripheral/src/ch32v00x_adc.o
LOAD ./Peripheral/src/ch32v00x_dbgmcu.o
LOAD ./Peripheral/src/ch32v00x_dma.o
LOAD ./Peripheral/src/ch32v00x_exti.o
LOAD ./Peripheral/src/ch32v00x_flash.o
LOAD ./Peripheral/src/ch32v00x_gpio.o
LOAD ./Peripheral/src/ch32v00x_i2c.o
LOAD ./Peripheral/src/ch32v00x_iwdg.o
LOAD ./Peripheral/src/ch32v00x_misc.o
LOAD ./Peripheral/src/ch32v00x_opa.o
LOAD ./Peripheral/src/ch32v00x_pwr.o
LOAD ./Peripheral/src/ch32v00x_rcc.o
LOAD ./Peripheral/src/ch32v00x_spi.o
LOAD ./Peripheral/src/ch32v00x_tim.o
LOAD ./Peripheral/src/ch32v00x_usart.o
LOAD ./Peripheral/src/ch32v00x_wwdg.o
LOAD ./Debug/debug.o
LOAD ./Core/core_riscv.o
LOAD c:/mounriver/mounriver_studio2/resources/app/resources/win32/components/wch/toolchain/risc-v embedded gcc/bin/../lib/gcc/riscv-none-embed/8.2.0/../../../../riscv-none-embed/lib/rv32ecxw/ilp32e\libm.a
LOAD c:/mounriver/mounriver_studio2/resources/app/resources/win32/components/wch/toolchain/risc-v embedded gcc/bin/../lib/gcc/riscv-none-embed/8.2.0/../../../../riscv-none-embed/lib/rv32ecxw/ilp32e\libprintf.a
LOAD c:/mounriver/mounriver_studio2/resources/app/resources/win32/components/wch/toolchain/risc-v embedded gcc/bin/../lib/gcc/riscv-none-embed/8.2.0/rv32ecxw/ilp32e\libgcc.a
LOAD c:/mounriver/mounriver_studio2/resources/app/resources/win32/components/wch/toolchain/risc-v embedded gcc/bin/../lib/gcc/riscv-none-embed/8.2.0/../../../../riscv-none-embed/lib/rv32ecxw/ilp32e\libg_nano.a
LOAD c:/mounriver/mounriver_studio2/resources/app/resources/win32/components/wch/toolchain/risc-v embedded gcc/bin/../lib/gcc/riscv-none-embed/8.2.0/../../../../riscv-none-embed/lib/rv32ecxw/ilp32e\libc_nano.a
LOAD c:/mounriver/mounriver_studio2/resources/app/resources/win32/components/wch/toolchain/risc-v embedded gcc/bin/../lib/gcc/riscv-none-embed/8.2.0/rv32ecxw/ilp32e\libgcc.a
START GROUP
LOAD c:/mounriver/mounriver_studio2/resources/app/resources/win32/components/wch/toolchain/risc-v embedded gcc/bin/../lib/gcc/riscv-none-embed/8.2.0/rv32ecxw/ilp32e\libgcc.a
LOAD c:/mounriver/mounriver_studio2/resources/app/resources/win32/components/wch/toolchain/risc-v embedded gcc/bin/../lib/gcc/riscv-none-embed/8.2.0/../../../../riscv-none-embed/lib/rv32ecxw/ilp32e\libc_nano.a
LOAD c:/mounriver/mounriver_studio2/resources/app/resources/win32/components/wch/toolchain/risc-v embedded gcc/bin/../lib/gcc/riscv-none-embed/8.2.0/../../../../riscv-none-embed/lib/rv32ecxw/ilp32e\libnosys.a
END GROUP
START GROUP
LOAD c:/mounriver/mounriver_studio2/resources/app/resources/win32/components/wch/toolchain/risc-v embedded gcc/bin/../lib/gcc/riscv-none-embed/8.2.0/rv32ecxw/ilp32e\libgcc.a
LOAD c:/mounriver/mounriver_studio2/resources/app/resources/win32/components/wch/toolchain/risc-v embedded gcc/bin/../lib/gcc/riscv-none-embed/8.2.0/../../../../riscv-none-embed/lib/rv32ecxw/ilp32e\libc_nano.a
LOAD c:/mounriver/mounriver_studio2/resources/app/resources/win32/components/wch/toolchain/risc-v embedded gcc/bin/../lib/gcc/riscv-none-embed/8.2.0/../../../../riscv-none-embed/lib/rv32ecxw/ilp32e\libnosys.a
END GROUP
                0x0000000000000100                __stack_size = 0x100
                [!provide]                        PROVIDE (_stack_size = __stack_size)

.init           0x0000000000000000       0xa0
                0x0000000000000000                _sinit = .
                0x0000000000000000                . = ALIGN (0x4)
 *(SORT_NONE(.init))
 .init          0x0000000000000000       0x9e ./Startup/startup_ch32v00x.o
                0x0000000000000000                _start
                0x00000000000000a0                . = ALIGN (0x4)
 *fill*         0x000000000000009e        0x2 
                0x00000000000000a0                _einit = .

.highcodelalign
                0x00000000000000a0        0x0
                0x00000000000000a0                . = ALIGN (0x4)
                0x00000000000000a0                PROVIDE (_highcode_lma = .)

.highcode       0x0000000020000000        0x0 load address 0x00000000000000a0
                0x0000000020000000                . = ALIGN (0x4)
                0x0000000020000000                PROVIDE (_highcode_vma_start = .)
 *(.highcode)
 *(.highcode.*)
                0x0000000020000000                . = ALIGN (0x4)
                0x0000000020000000                PROVIDE (_highcode_vma_end = .)

.text           0x00000000000000a0     0x2bf0
                0x00000000000000a0                . = ALIGN (0x4)
 *(.text)
 .text          0x00000000000000a0       0x14 c:/mounriver/mounriver_studio2/resources/app/resources/win32/components/wch/toolchain/risc-v embedded gcc/bin/../lib/gcc/riscv-none-embed/8.2.0/rv32ecxw/ilp32e\libgcc.a(save-restore.o)
                0x00000000000000a0                __riscv_save_1
                0x00000000000000a0                __riscv_save_2
                0x00000000000000a0                __riscv_save_0
                0x00000000000000aa                __riscv_restore_0
                0x00000000000000aa                __riscv_restore_1
                0x00000000000000aa                __riscv_restore_2
 .text          0x00000000000000b4       0x16 c:/mounriver/mounriver_studio2/resources/app/resources/win32/components/wch/toolchain/risc-v embedded gcc/bin/../lib/gcc/riscv-none-embed/8.2.0/rv32ecxw/ilp32e\libgcc.a(muldi3.o)
                0x00000000000000b4                __mulsi3
 *fill*         0x00000000000000ca        0x2 
 .text          0x00000000000000cc       0x7e c:/mounriver/mounriver_studio2/resources/app/resources/win32/components/wch/toolchain/risc-v embedded gcc/bin/../lib/gcc/riscv-none-embed/8.2.0/rv32ecxw/ilp32e\libgcc.a(div.o)
                0x00000000000000cc                __divsi3
                0x00000000000000d4                __udivsi3
                0x0000000000000100                __umodsi3
                0x0000000000000124                __modsi3
 .text          0x000000000000014a       0xa8 c:/mounriver/mounriver_studio2/resources/app/resources/win32/components/wch/toolchain/risc-v embedded gcc/bin/../lib/gcc/riscv-none-embed/8.2.0/../../../../riscv-none-embed/lib/rv32ecxw/ilp32e\libg_nano.a(lib_a-memset.o)
                0x000000000000014a                memset
 *(.text.*)
 .text.NMI_Handler
                0x00000000000001f2        0x2 ./User/ch32v00x_it.o
                0x00000000000001f2                NMI_Handler
 .text.HardFault_Handler
                0x00000000000001f4       0x10 ./User/ch32v00x_it.o
                0x00000000000001f4                HardFault_Handler
 .text.ControleBuck
                0x0000000000000204       0xfa ./User/main.o
                0x0000000000000204                ControleBuck
 .text.Verifica_RX
                0x00000000000002fe       0x76 ./User/main.o
                0x00000000000002fe                Verifica_RX
 .text.DMA1_Channel1_IRQHandler
                0x0000000000000374       0x28 ./User/main.o
                0x0000000000000374                DMA1_Channel1_IRQHandler
 .text.USART1_IRQHandler
                0x000000000000039c       0x66 ./User/main.o
                0x000000000000039c                USART1_IRQHandler
 .text.Custom_Option_Byte_CFG
                0x0000000000000402       0x20 ./User/main.o
                0x0000000000000402                Custom_Option_Byte_CFG
 .text.Custom_TIM1_CFG
                0x0000000000000422       0x3e ./User/main.o
                0x0000000000000422                Custom_TIM1_CFG
 .text.Custom_OPA1_CFG
                0x0000000000000460       0x64 ./User/main.o
                0x0000000000000460                Custom_OPA1_CFG
 .text.Custom_ADC_CFG
                0x00000000000004c4      0x17a ./User/main.o
                0x00000000000004c4                Custom_ADC_CFG
 .text.Custom_PWM_CFG
                0x000000000000063e       0x80 ./User/main.o
                0x000000000000063e                Custom_PWM_CFG
 .text.Custom_USARTx_CFG
                0x00000000000006be      0x15e ./User/main.o
                0x00000000000006be                Custom_USARTx_CFG
 .text.startup.main
                0x000000000000081c       0x7a ./User/main.o
                0x000000000000081c                main
 .text.SystemInit
                0x0000000000000896      0x134 ./User/system_ch32v00x.o
                0x0000000000000896                SystemInit
 .text.vector_handler
                0x00000000000009ca        0x2 ./Startup/startup_ch32v00x.o
                0x00000000000009ca                TIM1_CC_IRQHandler
                0x00000000000009ca                SysTick_Handler
                0x00000000000009ca                PVD_IRQHandler
                0x00000000000009ca                SPI1_IRQHandler
                0x00000000000009ca                AWU_IRQHandler
                0x00000000000009ca                EXTI7_0_IRQHandler
                0x00000000000009ca                DMA1_Channel4_IRQHandler
                0x00000000000009ca                ADC1_IRQHandler
                0x00000000000009ca                DMA1_Channel7_IRQHandler
                0x00000000000009ca                I2C1_EV_IRQHandler
                0x00000000000009ca                DMA1_Channel6_IRQHandler
                0x00000000000009ca                RCC_IRQHandler
                0x00000000000009ca                TIM1_TRG_COM_IRQHandler
                0x00000000000009ca                DMA1_Channel5_IRQHandler
                0x00000000000009ca                DMA1_Channel3_IRQHandler
                0x00000000000009ca                TIM1_UP_IRQHandler
                0x00000000000009ca                WWDG_IRQHandler
                0x00000000000009ca                TIM2_IRQHandler
                0x00000000000009ca                SW_Handler
                0x00000000000009ca                TIM1_BRK_IRQHandler
                0x00000000000009ca                DMA1_Channel2_IRQHandler
                0x00000000000009ca                FLASH_IRQHandler
                0x00000000000009ca                I2C1_ER_IRQHandler
 .text.handle_reset
                0x00000000000009cc       0xa8 ./Startup/startup_ch32v00x.o
                0x00000000000009cc                handle_reset
 .text.ADC_DeInit
                0x0000000000000a74       0x26 ./Peripheral/src/ch32v00x_adc.o
                0x0000000000000a74                ADC_DeInit
 .text.ADC_Init
                0x0000000000000a9a       0x4e ./Peripheral/src/ch32v00x_adc.o
                0x0000000000000a9a                ADC_Init
 .text.ADC_Cmd  0x0000000000000ae8       0x10 ./Peripheral/src/ch32v00x_adc.o
                0x0000000000000ae8                ADC_Cmd
 .text.ADC_DMACmd
                0x0000000000000af8       0x12 ./Peripheral/src/ch32v00x_adc.o
                0x0000000000000af8                ADC_DMACmd
 .text.ADC_ResetCalibration
                0x0000000000000b0a        0xa ./Peripheral/src/ch32v00x_adc.o
                0x0000000000000b0a                ADC_ResetCalibration
 .text.ADC_GetResetCalibrationStatus
                0x0000000000000b14        0x8 ./Peripheral/src/ch32v00x_adc.o
                0x0000000000000b14                ADC_GetResetCalibrationStatus
 .text.ADC_StartCalibration
                0x0000000000000b1c        0xa ./Peripheral/src/ch32v00x_adc.o
                0x0000000000000b1c                ADC_StartCalibration
 .text.ADC_GetCalibrationStatus
                0x0000000000000b26        0x8 ./Peripheral/src/ch32v00x_adc.o
                0x0000000000000b26                ADC_GetCalibrationStatus
 .text.ADC_RegularChannelConfig
                0x0000000000000b2e       0xba ./Peripheral/src/ch32v00x_adc.o
                0x0000000000000b2e                ADC_RegularChannelConfig
 .text.ADC_Calibration_Vol
                0x0000000000000be8       0x14 ./Peripheral/src/ch32v00x_adc.o
                0x0000000000000be8                ADC_Calibration_Vol
 .text.DMA_DeInit
                0x0000000000000bfc       0x92 ./Peripheral/src/ch32v00x_dma.o
                0x0000000000000bfc                DMA_DeInit
 .text.DMA_Init
                0x0000000000000c8e       0x38 ./Peripheral/src/ch32v00x_dma.o
                0x0000000000000c8e                DMA_Init
 .text.DMA_Cmd  0x0000000000000cc6       0x14 ./Peripheral/src/ch32v00x_dma.o
                0x0000000000000cc6                DMA_Cmd
 .text.DMA_ITConfig
                0x0000000000000cda       0x12 ./Peripheral/src/ch32v00x_dma.o
                0x0000000000000cda                DMA_ITConfig
 .text.DMA_SetCurrDataCounter
                0x0000000000000cec        0x4 ./Peripheral/src/ch32v00x_dma.o
                0x0000000000000cec                DMA_SetCurrDataCounter
 .text.DMA_GetCurrDataCounter
                0x0000000000000cf0        0x8 ./Peripheral/src/ch32v00x_dma.o
                0x0000000000000cf0                DMA_GetCurrDataCounter
 .text.DMA_ClearITPendingBit
                0x0000000000000cf8        0x8 ./Peripheral/src/ch32v00x_dma.o
                0x0000000000000cf8                DMA_ClearITPendingBit
 .text.FLASH_Unlock
                0x0000000000000d00       0x1a ./Peripheral/src/ch32v00x_flash.o
                0x0000000000000d00                FLASH_Unlock
 .text.FLASH_Lock
                0x0000000000000d1a        0xe ./Peripheral/src/ch32v00x_flash.o
                0x0000000000000d1a                FLASH_Lock
 .text.FLASH_GetReadOutProtectionStatus
                0x0000000000000d28        0xc ./Peripheral/src/ch32v00x_flash.o
                0x0000000000000d28                FLASH_GetReadOutProtectionStatus
 .text.FLASH_GetBank1Status
                0x0000000000000d34       0x18 ./Peripheral/src/ch32v00x_flash.o
                0x0000000000000d34                FLASH_GetBank1Status
 .text.FLASH_WaitForLastOperation
                0x0000000000000d4c       0x20 ./Peripheral/src/ch32v00x_flash.o
                0x0000000000000d4c                FLASH_WaitForLastOperation
 .text.FLASH_EraseOptionBytes
                0x0000000000000d6c       0x7a ./Peripheral/src/ch32v00x_flash.o
                0x0000000000000d6c                FLASH_EraseOptionBytes
 .text.FLASH_UserOptionByteConfig
                0x0000000000000de6       0x66 ./Peripheral/src/ch32v00x_flash.o
                0x0000000000000de6                FLASH_UserOptionByteConfig
 .text.GPIO_Init
                0x0000000000000e4c       0x7c ./Peripheral/src/ch32v00x_gpio.o
                0x0000000000000e4c                GPIO_Init
 .text.GPIO_PinLockConfig
                0x0000000000000ec8       0x10 ./Peripheral/src/ch32v00x_gpio.o
                0x0000000000000ec8                GPIO_PinLockConfig
 .text.GPIO_PinRemapConfig
                0x0000000000000ed8       0xc4 ./Peripheral/src/ch32v00x_gpio.o
                0x0000000000000ed8                GPIO_PinRemapConfig
 .text.NVIC_PriorityGroupConfig
                0x0000000000000f9c        0x6 ./Peripheral/src/ch32v00x_misc.o
                0x0000000000000f9c                NVIC_PriorityGroupConfig
 .text.NVIC_Init
                0x0000000000000fa2       0x62 ./Peripheral/src/ch32v00x_misc.o
                0x0000000000000fa2                NVIC_Init
 .text.OPA_Init
                0x0000000000001004       0x22 ./Peripheral/src/ch32v00x_opa.o
                0x0000000000001004                OPA_Init
 .text.OPA_Cmd  0x0000000000001026       0x2c ./Peripheral/src/ch32v00x_opa.o
                0x0000000000001026                OPA_Cmd
 .text.RCC_AdjustHSICalibrationValue
                0x0000000000001052       0x12 ./Peripheral/src/ch32v00x_rcc.o
                0x0000000000001052                RCC_AdjustHSICalibrationValue
 .text.RCC_PLLCmd
                0x0000000000001064       0x24 ./Peripheral/src/ch32v00x_rcc.o
                0x0000000000001064                RCC_PLLCmd
 .text.RCC_SYSCLKConfig
                0x0000000000001088       0x40 ./Peripheral/src/ch32v00x_rcc.o
                0x0000000000001088                RCC_SYSCLKConfig
 .text.RCC_ADCCLKConfig
                0x00000000000010c8       0x14 ./Peripheral/src/ch32v00x_rcc.o
                0x00000000000010c8                RCC_ADCCLKConfig
 .text.RCC_GetClocksFreq
                0x00000000000010dc       0xa2 ./Peripheral/src/ch32v00x_rcc.o
                0x00000000000010dc                RCC_GetClocksFreq
 .text.RCC_AHBPeriphClockCmd
                0x000000000000117e       0x1e ./Peripheral/src/ch32v00x_rcc.o
                0x000000000000117e                RCC_AHBPeriphClockCmd
 .text.RCC_APB2PeriphClockCmd
                0x000000000000119c       0x1e ./Peripheral/src/ch32v00x_rcc.o
                0x000000000000119c                RCC_APB2PeriphClockCmd
 .text.RCC_APB2PeriphResetCmd
                0x00000000000011ba       0x1e ./Peripheral/src/ch32v00x_rcc.o
                0x00000000000011ba                RCC_APB2PeriphResetCmd
 .text.TIM_TimeBaseInit
                0x00000000000011d8       0x4e ./Peripheral/src/ch32v00x_tim.o
                0x00000000000011d8                TIM_TimeBaseInit
 .text.TIM_OC2Init
                0x0000000000001226       0x96 ./Peripheral/src/ch32v00x_tim.o
                0x0000000000001226                TIM_OC2Init
 .text.TIM_OC3Init
                0x00000000000012bc       0x94 ./Peripheral/src/ch32v00x_tim.o
                0x00000000000012bc                TIM_OC3Init
 .text.TIM_Cmd  0x0000000000001350       0x18 ./Peripheral/src/ch32v00x_tim.o
                0x0000000000001350                TIM_Cmd
 .text.TIM_CtrlPWMOutputs
                0x0000000000001368       0x16 ./Peripheral/src/ch32v00x_tim.o
                0x0000000000001368                TIM_CtrlPWMOutputs
 .text.TIM_ARRPreloadConfig
                0x000000000000137e       0x1a ./Peripheral/src/ch32v00x_tim.o
                0x000000000000137e                TIM_ARRPreloadConfig
 .text.TIM_OC2PreloadConfig
                0x0000000000001398       0x16 ./Peripheral/src/ch32v00x_tim.o
                0x0000000000001398                TIM_OC2PreloadConfig
 .text.TIM_OC3PreloadConfig
                0x00000000000013ae        0xe ./Peripheral/src/ch32v00x_tim.o
                0x00000000000013ae                TIM_OC3PreloadConfig
 .text.TIM_SetCompare3
                0x00000000000013bc        0x4 ./Peripheral/src/ch32v00x_tim.o
                0x00000000000013bc                TIM_SetCompare3
 .text.USART_Init
                0x00000000000013c0       0xcc ./Peripheral/src/ch32v00x_usart.o
                0x00000000000013c0                USART_Init
 .text.USART_Cmd
                0x000000000000148c       0x16 ./Peripheral/src/ch32v00x_usart.o
                0x000000000000148c                USART_Cmd
 .text.USART_ITConfig
                0x00000000000014a2       0x36 ./Peripheral/src/ch32v00x_usart.o
                0x00000000000014a2                USART_ITConfig
 .text.USART_DMACmd
                0x00000000000014d8       0x12 ./Peripheral/src/ch32v00x_usart.o
                0x00000000000014d8                USART_DMACmd
 .text.USART_SendData
                0x00000000000014ea        0x8 ./Peripheral/src/ch32v00x_usart.o
                0x00000000000014ea                USART_SendData
 .text.USART_GetFlagStatus
                0x00000000000014f2        0xa ./Peripheral/src/ch32v00x_usart.o
                0x00000000000014f2                USART_GetFlagStatus
 .text.USART_GetITStatus
                0x00000000000014fc       0x3c ./Peripheral/src/ch32v00x_usart.o
                0x00000000000014fc                USART_GetITStatus
 .text.Delay_Init
                0x0000000000001538       0x34 ./Debug/debug.o
                0x0000000000001538                Delay_Init
 .text._write   0x000000000000156c       0x4c ./Debug/debug.o
                0x000000000000156c                _write
 .text._sbrk    0x00000000000015b8       0x26 ./Debug/debug.o
                0x00000000000015b8                _sbrk
 .text.printchar
                0x00000000000015de       0x48 c:/mounriver/mounriver_studio2/resources/app/resources/win32/components/wch/toolchain/risc-v embedded gcc/bin/../lib/gcc/riscv-none-embed/8.2.0/../../../../riscv-none-embed/lib/rv32ecxw/ilp32e\libprintf.a(wchprintf.o)
                0x00000000000015de                printchar
 .text.prints   0x0000000000001626       0xe6 c:/mounriver/mounriver_studio2/resources/app/resources/win32/components/wch/toolchain/risc-v embedded gcc/bin/../lib/gcc/riscv-none-embed/8.2.0/../../../../riscv-none-embed/lib/rv32ecxw/ilp32e\libprintf.a(wchprintf.o)
                0x0000000000001626                prints
 .text.printInt
                0x000000000000170c      0x10e c:/mounriver/mounriver_studio2/resources/app/resources/win32/components/wch/toolchain/risc-v embedded gcc/bin/../lib/gcc/riscv-none-embed/8.2.0/../../../../riscv-none-embed/lib/rv32ecxw/ilp32e\libprintf.a(wchprintf.o)
                0x000000000000170c                printInt
 .text.printLongLongInt
                0x000000000000181a        0x4 c:/mounriver/mounriver_studio2/resources/app/resources/win32/components/wch/toolchain/risc-v embedded gcc/bin/../lib/gcc/riscv-none-embed/8.2.0/../../../../riscv-none-embed/lib/rv32ecxw/ilp32e\libprintf.a(wchprintf.o)
                0x000000000000181a                printLongLongInt
 .text.printDouble
                0x000000000000181e        0x4 c:/mounriver/mounriver_studio2/resources/app/resources/win32/components/wch/toolchain/risc-v embedded gcc/bin/../lib/gcc/riscv-none-embed/8.2.0/../../../../riscv-none-embed/lib/rv32ecxw/ilp32e\libprintf.a(wchprintf.o)
                0x000000000000181e                printDouble
 .text.print    0x0000000000001822      0x352 c:/mounriver/mounriver_studio2/resources/app/resources/win32/components/wch/toolchain/risc-v embedded gcc/bin/../lib/gcc/riscv-none-embed/8.2.0/../../../../riscv-none-embed/lib/rv32ecxw/ilp32e\libprintf.a(wchprintf.o)
                0x0000000000001822                print
 .text.sprintf  0x0000000000001b74       0x26 c:/mounriver/mounriver_studio2/resources/app/resources/win32/components/wch/toolchain/risc-v embedded gcc/bin/../lib/gcc/riscv-none-embed/8.2.0/../../../../riscv-none-embed/lib/rv32ecxw/ilp32e\libprintf.a(wchprintf.o)
                0x0000000000001b74                sprintf
 .text.sscanf   0x0000000000001b9a       0x50 c:/mounriver/mounriver_studio2/resources/app/resources/win32/components/wch/toolchain/risc-v embedded gcc/bin/../lib/gcc/riscv-none-embed/8.2.0/../../../../riscv-none-embed/lib/rv32ecxw/ilp32e\libg_nano.a(lib_a-sscanf.o)
                0x0000000000001b9a                siscanf
                0x0000000000001b9a                sscanf
 .text.__seofread
                0x0000000000001bea        0x4 c:/mounriver/mounriver_studio2/resources/app/resources/win32/components/wch/toolchain/risc-v embedded gcc/bin/../lib/gcc/riscv-none-embed/8.2.0/../../../../riscv-none-embed/lib/rv32ecxw/ilp32e\libg_nano.a(lib_a-stdio.o)
                0x0000000000001bea                __seofread
 .text.strlen   0x0000000000001bee       0x12 c:/mounriver/mounriver_studio2/resources/app/resources/win32/components/wch/toolchain/risc-v embedded gcc/bin/../lib/gcc/riscv-none-embed/8.2.0/../../../../riscv-none-embed/lib/rv32ecxw/ilp32e\libg_nano.a(lib_a-strlen.o)
                0x0000000000001bee                strlen
 .text._sungetc_r
                0x0000000000001c00       0x96 c:/mounriver/mounriver_studio2/resources/app/resources/win32/components/wch/toolchain/risc-v embedded gcc/bin/../lib/gcc/riscv-none-embed/8.2.0/../../../../riscv-none-embed/lib/rv32ecxw/ilp32e\libg_nano.a(lib_a-nano-svfscanf.o)
                0x0000000000001c00                _sungetc_r
 .text.__ssrefill_r
                0x0000000000001c96       0x44 c:/mounriver/mounriver_studio2/resources/app/resources/win32/components/wch/toolchain/risc-v embedded gcc/bin/../lib/gcc/riscv-none-embed/8.2.0/../../../../riscv-none-embed/lib/rv32ecxw/ilp32e\libg_nano.a(lib_a-nano-svfscanf.o)
                0x0000000000001c96                __ssrefill_r
 .text.__ssvfscanf_r
                0x0000000000001cda      0x364 c:/mounriver/mounriver_studio2/resources/app/resources/win32/components/wch/toolchain/risc-v embedded gcc/bin/../lib/gcc/riscv-none-embed/8.2.0/../../../../riscv-none-embed/lib/rv32ecxw/ilp32e\libg_nano.a(lib_a-nano-svfscanf.o)
                0x0000000000001cda                __ssvfiscanf_r
                0x0000000000001cda                __ssvfscanf_r
 .text._scanf_chars
                0x000000000000203e       0xd4 c:/mounriver/mounriver_studio2/resources/app/resources/win32/components/wch/toolchain/risc-v embedded gcc/bin/../lib/gcc/riscv-none-embed/8.2.0/../../../../riscv-none-embed/lib/rv32ecxw/ilp32e\libg_nano.a(lib_a-nano-vfscanf_i.o)
                0x000000000000203e                _scanf_chars
 .text._scanf_i
                0x0000000000002112      0x264 c:/mounriver/mounriver_studio2/resources/app/resources/win32/components/wch/toolchain/risc-v embedded gcc/bin/../lib/gcc/riscv-none-embed/8.2.0/../../../../riscv-none-embed/lib/rv32ecxw/ilp32e\libg_nano.a(lib_a-nano-vfscanf_i.o)
                0x0000000000002112                _scanf_i
 .text.__sccl   0x0000000000002376       0x82 c:/mounriver/mounriver_studio2/resources/app/resources/win32/components/wch/toolchain/risc-v embedded gcc/bin/../lib/gcc/riscv-none-embed/8.2.0/../../../../riscv-none-embed/lib/rv32ecxw/ilp32e\libg_nano.a(lib_a-sccl.o)
                0x0000000000002376                __sccl
 .text._strtol_l.isra.0
                0x00000000000023f8      0x166 c:/mounriver/mounriver_studio2/resources/app/resources/win32/components/wch/toolchain/risc-v embedded gcc/bin/../lib/gcc/riscv-none-embed/8.2.0/../../../../riscv-none-embed/lib/rv32ecxw/ilp32e\libg_nano.a(lib_a-strtol.o)
 .text._strtol_r
                0x000000000000255e       0x18 c:/mounriver/mounriver_studio2/resources/app/resources/win32/components/wch/toolchain/risc-v embedded gcc/bin/../lib/gcc/riscv-none-embed/8.2.0/../../../../riscv-none-embed/lib/rv32ecxw/ilp32e\libg_nano.a(lib_a-strtol.o)
                0x000000000000255e                _strtol_r
 .text._strtoul_l.isra.0
                0x0000000000002576      0x158 c:/mounriver/mounriver_studio2/resources/app/resources/win32/components/wch/toolchain/risc-v embedded gcc/bin/../lib/gcc/riscv-none-embed/8.2.0/../../../../riscv-none-embed/lib/rv32ecxw/ilp32e\libg_nano.a(lib_a-strtoul.o)
 .text._strtoul_r
                0x00000000000026ce       0x18 c:/mounriver/mounriver_studio2/resources/app/resources/win32/components/wch/toolchain/risc-v embedded gcc/bin/../lib/gcc/riscv-none-embed/8.2.0/../../../../riscv-none-embed/lib/rv32ecxw/ilp32e\libg_nano.a(lib_a-strtoul.o)
                0x00000000000026ce                _strtoul_r
 .text.__submore
                0x00000000000026e6       0x78 c:/mounriver/mounriver_studio2/resources/app/resources/win32/components/wch/toolchain/risc-v embedded gcc/bin/../lib/gcc/riscv-none-embed/8.2.0/../../../../riscv-none-embed/lib/rv32ecxw/ilp32e\libg_nano.a(lib_a-ungetc.o)
                0x00000000000026e6                __submore
 .text.__locale_ctype_ptr_l
                0x000000000000275e        0x6 c:/mounriver/mounriver_studio2/resources/app/resources/win32/components/wch/toolchain/risc-v embedded gcc/bin/../lib/gcc/riscv-none-embed/8.2.0/../../../../riscv-none-embed/lib/rv32ecxw/ilp32e\libg_nano.a(lib_a-locale.o)
                0x000000000000275e                __locale_ctype_ptr_l
 .text.__locale_ctype_ptr
                0x0000000000002764       0x1c c:/mounriver/mounriver_studio2/resources/app/resources/win32/components/wch/toolchain/risc-v embedded gcc/bin/../lib/gcc/riscv-none-embed/8.2.0/../../../../riscv-none-embed/lib/rv32ecxw/ilp32e\libg_nano.a(lib_a-locale.o)
                0x0000000000002764                __locale_ctype_ptr
 .text.__ascii_mbtowc
                0x0000000000002780       0x32 c:/mounriver/mounriver_studio2/resources/app/resources/win32/components/wch/toolchain/risc-v embedded gcc/bin/../lib/gcc/riscv-none-embed/8.2.0/../../../../riscv-none-embed/lib/rv32ecxw/ilp32e\libg_nano.a(lib_a-mbtowc_r.o)
                0x0000000000002780                __ascii_mbtowc
 .text.memchr   0x00000000000027b2       0x18 c:/mounriver/mounriver_studio2/resources/app/resources/win32/components/wch/toolchain/risc-v embedded gcc/bin/../lib/gcc/riscv-none-embed/8.2.0/../../../../riscv-none-embed/lib/rv32ecxw/ilp32e\libg_nano.a(lib_a-memchr.o)
                0x00000000000027b2                memchr
 .text.memcpy   0x00000000000027ca       0xd2 c:/mounriver/mounriver_studio2/resources/app/resources/win32/components/wch/toolchain/risc-v embedded gcc/bin/../lib/gcc/riscv-none-embed/8.2.0/../../../../riscv-none-embed/lib/rv32ecxw/ilp32e\libg_nano.a(lib_a-memcpy.o)
                0x00000000000027ca                memcpy
 .text._free_r  0x000000000000289c       0xac c:/mounriver/mounriver_studio2/resources/app/resources/win32/components/wch/toolchain/risc-v embedded gcc/bin/../lib/gcc/riscv-none-embed/8.2.0/../../../../riscv-none-embed/lib/rv32ecxw/ilp32e\libg_nano.a(lib_a-nano-freer.o)
                0x000000000000289c                _free_r
 .text._malloc_r
                0x0000000000002948       0xd4 c:/mounriver/mounriver_studio2/resources/app/resources/win32/components/wch/toolchain/risc-v embedded gcc/bin/../lib/gcc/riscv-none-embed/8.2.0/../../../../riscv-none-embed/lib/rv32ecxw/ilp32e\libg_nano.a(lib_a-nano-mallocr.o)
                0x0000000000002948                _malloc_r
 .text._realloc_r
                0x0000000000002a1c       0x4e c:/mounriver/mounriver_studio2/resources/app/resources/win32/components/wch/toolchain/risc-v embedded gcc/bin/../lib/gcc/riscv-none-embed/8.2.0/../../../../riscv-none-embed/lib/rv32ecxw/ilp32e\libg_nano.a(lib_a-nano-reallocr.o)
                0x0000000000002a1c                _realloc_r
 .text._sbrk_r  0x0000000000002a6a       0x2a c:/mounriver/mounriver_studio2/resources/app/resources/win32/components/wch/toolchain/risc-v embedded gcc/bin/../lib/gcc/riscv-none-embed/8.2.0/../../../../riscv-none-embed/lib/rv32ecxw/ilp32e\libg_nano.a(lib_a-sbrkr.o)
                0x0000000000002a6a                _sbrk_r
 .text.__ascii_wctomb
                0x0000000000002a94       0x1e c:/mounriver/mounriver_studio2/resources/app/resources/win32/components/wch/toolchain/risc-v embedded gcc/bin/../lib/gcc/riscv-none-embed/8.2.0/../../../../riscv-none-embed/lib/rv32ecxw/ilp32e\libg_nano.a(lib_a-wctomb_r.o)
                0x0000000000002a94                __ascii_wctomb
 .text.__malloc_lock
                0x0000000000002ab2        0x2 c:/mounriver/mounriver_studio2/resources/app/resources/win32/components/wch/toolchain/risc-v embedded gcc/bin/../lib/gcc/riscv-none-embed/8.2.0/../../../../riscv-none-embed/lib/rv32ecxw/ilp32e\libg_nano.a(lib_a-mlock.o)
                0x0000000000002ab2                __malloc_lock
 .text.__malloc_unlock
                0x0000000000002ab4        0x2 c:/mounriver/mounriver_studio2/resources/app/resources/win32/components/wch/toolchain/risc-v embedded gcc/bin/../lib/gcc/riscv-none-embed/8.2.0/../../../../riscv-none-embed/lib/rv32ecxw/ilp32e\libg_nano.a(lib_a-mlock.o)
                0x0000000000002ab4                __malloc_unlock
 .text._malloc_usable_size_r
                0x0000000000002ab6       0x14 c:/mounriver/mounriver_studio2/resources/app/resources/win32/components/wch/toolchain/risc-v embedded gcc/bin/../lib/gcc/riscv-none-embed/8.2.0/../../../../riscv-none-embed/lib/rv32ecxw/ilp32e\libg_nano.a(lib_a-nano-msizer.o)
                0x0000000000002ab6                _malloc_usable_size_r
 *(.rodata)
 *(.rodata*)
 *fill*         0x0000000000002aca        0x2 
 .rodata.Verifica_RX.str1.4
                0x0000000000002acc        0xe ./User/main.o
 *fill*         0x0000000000002ada        0x2 
 .rodata.main.str1.4
                0x0000000000002adc       0x10 ./User/main.o
 .rodata.print.str1.4
                0x0000000000002aec        0x7 c:/mounriver/mounriver_studio2/resources/app/resources/win32/components/wch/toolchain/risc-v embedded gcc/bin/../lib/gcc/riscv-none-embed/8.2.0/../../../../riscv-none-embed/lib/rv32ecxw/ilp32e\libprintf.a(wchprintf.o)
 *fill*         0x0000000000002af3        0x1 
 .rodata.__ssvfscanf_r.str1.4
                0x0000000000002af4        0x4 c:/mounriver/mounriver_studio2/resources/app/resources/win32/components/wch/toolchain/risc-v embedded gcc/bin/../lib/gcc/riscv-none-embed/8.2.0/../../../../riscv-none-embed/lib/rv32ecxw/ilp32e\libg_nano.a(lib_a-nano-svfscanf.o)
 .rodata._scanf_i.str1.4
                0x0000000000002af8       0x12 c:/mounriver/mounriver_studio2/resources/app/resources/win32/components/wch/toolchain/risc-v embedded gcc/bin/../lib/gcc/riscv-none-embed/8.2.0/../../../../riscv-none-embed/lib/rv32ecxw/ilp32e\libg_nano.a(lib_a-nano-vfscanf_i.o)
 *fill*         0x0000000000002b0a        0x2 
 .rodata.str1.4
                0x0000000000002b0c        0xb c:/mounriver/mounriver_studio2/resources/app/resources/win32/components/wch/toolchain/risc-v embedded gcc/bin/../lib/gcc/riscv-none-embed/8.2.0/../../../../riscv-none-embed/lib/rv32ecxw/ilp32e\libg_nano.a(lib_a-nano-vfscanf_i.o)
 *fill*         0x0000000000002b17        0x1 
 .rodata.__sf_fake_stderr
                0x0000000000002b18       0x20 c:/mounriver/mounriver_studio2/resources/app/resources/win32/components/wch/toolchain/risc-v embedded gcc/bin/../lib/gcc/riscv-none-embed/8.2.0/../../../../riscv-none-embed/lib/rv32ecxw/ilp32e\libg_nano.a(lib_a-findfp.o)
                0x0000000000002b18                __sf_fake_stderr
 .rodata.__sf_fake_stdin
                0x0000000000002b38       0x20 c:/mounriver/mounriver_studio2/resources/app/resources/win32/components/wch/toolchain/risc-v embedded gcc/bin/../lib/gcc/riscv-none-embed/8.2.0/../../../../riscv-none-embed/lib/rv32ecxw/ilp32e\libg_nano.a(lib_a-findfp.o)
                0x0000000000002b38                __sf_fake_stdin
 .rodata.__sf_fake_stdout
                0x0000000000002b58       0x20 c:/mounriver/mounriver_studio2/resources/app/resources/win32/components/wch/toolchain/risc-v embedded gcc/bin/../lib/gcc/riscv-none-embed/8.2.0/../../../../riscv-none-embed/lib/rv32ecxw/ilp32e\libg_nano.a(lib_a-findfp.o)
                0x0000000000002b58                __sf_fake_stdout
 .rodata._setlocale_r.str1.4
                0x0000000000002b78        0xd c:/mounriver/mounriver_studio2/resources/app/resources/win32/components/wch/toolchain/risc-v embedded gcc/bin/../lib/gcc/riscv-none-embed/8.2.0/../../../../riscv-none-embed/lib/rv32ecxw/ilp32e\libg_nano.a(lib_a-locale.o)
 *fill*         0x0000000000002b85        0x3 
 .rodata.str1.4
                0x0000000000002b88        0x4 c:/mounriver/mounriver_studio2/resources/app/resources/win32/components/wch/toolchain/risc-v embedded gcc/bin/../lib/gcc/riscv-none-embed/8.2.0/../../../../riscv-none-embed/lib/rv32ecxw/ilp32e\libg_nano.a(lib_a-locale.o)
                                          0x2 (size before relaxing)
 .rodata._ctype_
                0x0000000000002b8c      0x101 c:/mounriver/mounriver_studio2/resources/app/resources/win32/components/wch/toolchain/risc-v embedded gcc/bin/../lib/gcc/riscv-none-embed/8.2.0/../../../../riscv-none-embed/lib/rv32ecxw/ilp32e\libg_nano.a(lib_a-ctype_.o)
                0x0000000000002b8c                _ctype_
 *(.gnu.linkonce.t.*)
                0x0000000000002c90                . = ALIGN (0x4)
 *fill*         0x0000000000002c8d        0x3 

.rela.dyn       0x0000000000002c90        0x0
 .rela.init     0x0000000000002c90        0x0 ./User/ch32v00x_it.o
 .rela.text.handle_reset
                0x0000000000002c90        0x0 ./User/ch32v00x_it.o
 .rela.text._sbrk
                0x0000000000002c90        0x0 ./User/ch32v00x_it.o
 .rela.data.curbrk.4091
                0x0000000000002c90        0x0 ./User/ch32v00x_it.o
 .rela.text.prints
                0x0000000000002c90        0x0 ./User/ch32v00x_it.o
 .rela.text.printInt
                0x0000000000002c90        0x0 ./User/ch32v00x_it.o
 .rela.text.print
                0x0000000000002c90        0x0 ./User/ch32v00x_it.o
 .rela.text.sprintf
                0x0000000000002c90        0x0 ./User/ch32v00x_it.o
 .rela.text.__ssvfscanf_r
                0x0000000000002c90        0x0 ./User/ch32v00x_it.o
 .rela.text._sbrk_r
                0x0000000000002c90        0x0 ./User/ch32v00x_it.o

.fini           0x0000000000002c90        0x0
 *(SORT_NONE(.fini))
                0x0000000000002c90                . = ALIGN (0x4)
                [!provide]                        PROVIDE (_etext = .)
                [!provide]                        PROVIDE (_eitcm = .)

.preinit_array  0x0000000000002c90        0x0
                [!provide]                        PROVIDE (__preinit_array_start = .)
 *(.preinit_array)
                [!provide]                        PROVIDE (__preinit_array_end = .)

.init_array     0x0000000000002c90        0x0
                [!provide]                        PROVIDE (__init_array_start = .)
 *(SORT_BY_INIT_PRIORITY(.init_array.*) SORT_BY_INIT_PRIORITY(.ctors.*))
 *(.init_array EXCLUDE_FILE(*crtend?.o *crtend.o *crtbegin?.o *crtbegin.o) .ctors)
                [!provide]                        PROVIDE (__init_array_end = .)

.fini_array     0x0000000000002c90        0x0
                [!provide]                        PROVIDE (__fini_array_start = .)
 *(SORT_BY_INIT_PRIORITY(.fini_array.*) SORT_BY_INIT_PRIORITY(.dtors.*))
 *(.fini_array EXCLUDE_FILE(*crtend?.o *crtend.o *crtbegin?.o *crtbegin.o) .dtors)
                [!provide]                        PROVIDE (__fini_array_end = .)

.ctors
 *crtbegin.o(.ctors)
 *crtbegin?.o(.ctors)
 *(EXCLUDE_FILE(*crtend?.o *crtend.o) .ctors)
 *(SORT_BY_NAME(.ctors.*))
 *(.ctors)

.dtors
 *crtbegin.o(.dtors)
 *crtbegin?.o(.dtors)
 *(EXCLUDE_FILE(*crtend?.o *crtend.o) .dtors)
 *(SORT_BY_NAME(.dtors.*))
 *(.dtors)

.dalign         0x0000000020000000        0x0 load address 0x0000000000002c90
                0x0000000020000000                . = ALIGN (0x4)
                0x0000000020000000                PROVIDE (_data_vma = .)

.dlalign        0x0000000000002c90        0x0
                0x0000000000002c90                . = ALIGN (0x4)
                0x0000000000002c90                PROVIDE (_data_lma = .)

.data           0x0000000020000000      0x200 load address 0x0000000000002c90
                0x0000000020000000                . = ALIGN (0x4)
 *(.gnu.linkonce.r.*)
 *(.data .data.*)
 .data.SystemCoreClock
                0x0000000020000000        0x4 ./User/system_ch32v00x.o
                0x0000000020000000                SystemCoreClock
 .data.ADCPrescTable
                0x0000000020000004       0x14 ./Peripheral/src/ch32v00x_rcc.o
 .data.APBAHBPrescTable
                0x0000000020000018       0x10 ./Peripheral/src/ch32v00x_rcc.o
 .data.curbrk.4091
                0x0000000020000028        0x4 ./Debug/debug.o
 .data.impure_data
                0x000000002000002c       0x60 c:/mounriver/mounriver_studio2/resources/app/resources/win32/components/wch/toolchain/risc-v embedded gcc/bin/../lib/gcc/riscv-none-embed/8.2.0/../../../../riscv-none-embed/lib/rv32ecxw/ilp32e\libg_nano.a(lib_a-impure.o)
 .data.__global_locale
                0x000000002000008c      0x16c c:/mounriver/mounriver_studio2/resources/app/resources/win32/components/wch/toolchain/risc-v embedded gcc/bin/../lib/gcc/riscv-none-embed/8.2.0/../../../../riscv-none-embed/lib/rv32ecxw/ilp32e\libg_nano.a(lib_a-locale.o)
                0x000000002000008c                __global_locale
 *(.gnu.linkonce.d.*)
                0x00000000200001f8                . = ALIGN (0x8)
                0x00000000200009f8                PROVIDE (__global_pointer$ = (. + 0x800))
 *(.sdata .sdata.*)
 .sdata._impure_ptr
                0x00000000200001f8        0x4 c:/mounriver/mounriver_studio2/resources/app/resources/win32/components/wch/toolchain/risc-v embedded gcc/bin/../lib/gcc/riscv-none-embed/8.2.0/../../../../riscv-none-embed/lib/rv32ecxw/ilp32e\libg_nano.a(lib_a-impure.o)
                0x00000000200001f8                _impure_ptr
 *(.sdata2*)
 *(.gnu.linkonce.s.*)
                0x0000000020000200                . = ALIGN (0x8)
 *fill*         0x00000000200001fc        0x4 
 *(.srodata.cst16)
 *(.srodata.cst8)
 *(.srodata.cst4)
 *(.srodata.cst2)
 *(.srodata .srodata.*)
                0x0000000020000200                . = ALIGN (0x4)
                0x0000000020000200                PROVIDE (_edata = .)

.bss            0x0000000020000200       0x64 load address 0x0000000000002e90
                0x0000000020000200                . = ALIGN (0x4)
                0x0000000020000200                PROVIDE (_sbss = .)
 *(.sbss*)
 .sbss.__malloc_free_list
                0x0000000020000200        0x4 c:/mounriver/mounriver_studio2/resources/app/resources/win32/components/wch/toolchain/risc-v embedded gcc/bin/../lib/gcc/riscv-none-embed/8.2.0/../../../../riscv-none-embed/lib/rv32ecxw/ilp32e\libg_nano.a(lib_a-nano-mallocr.o)
                0x0000000020000200                __malloc_free_list
 .sbss.__malloc_sbrk_start
                0x0000000020000204        0x4 c:/mounriver/mounriver_studio2/resources/app/resources/win32/components/wch/toolchain/risc-v embedded gcc/bin/../lib/gcc/riscv-none-embed/8.2.0/../../../../riscv-none-embed/lib/rv32ecxw/ilp32e\libg_nano.a(lib_a-nano-mallocr.o)
                0x0000000020000204                __malloc_sbrk_start
 *(.gnu.linkonce.sb.*)
 *(.bss*)
 .bss.ADC_COMPLETE
                0x0000000020000208        0x2 ./User/main.o
                0x0000000020000208                ADC_COMPLETE
 .bss.I_lido    0x000000002000020a        0x2 ./User/main.o
                0x000000002000020a                I_lido
 .bss.I_recebido
                0x000000002000020c        0x4 ./User/main.o
                0x000000002000020c                I_recebido
 .bss.I_ref     0x0000000020000210        0x4 ./User/main.o
                0x0000000020000210                I_ref
 .bss.PROTECAO_ATIVA.4090
                0x0000000020000214        0x4 ./User/main.o
 .bss.RxBuffer  0x0000000020000218       0x10 ./User/main.o
                0x0000000020000218                RxBuffer
 .bss.Rx_pronto
                0x0000000020000228        0x4 ./User/main.o
                0x0000000020000228                Rx_pronto
 .bss.TxBuffer  0x000000002000022c       0x10 ./User/main.o
                0x000000002000022c                TxBuffer
 .bss.V_PID.4091
                0x000000002000023c        0x4 ./User/main.o
 .bss.V_lido    0x0000000020000240        0x2 ./User/main.o
                0x0000000020000240                V_lido
 *fill*         0x0000000020000242        0x2 
 .bss.V_recebido
                0x0000000020000244        0x4 ./User/main.o
                0x0000000020000244                V_recebido
 .bss.V_ref     0x0000000020000248        0x4 ./User/main.o
                0x0000000020000248                V_ref
 .bss.adc_buf   0x000000002000024c        0x4 ./User/main.o
                0x000000002000024c                adc_buf
 .bss.erro.4089
                0x0000000020000250        0x4 ./User/main.o
 .bss.integral.4088
                0x0000000020000254        0x4 ./User/main.o
 .bss.NVIC_Priority_Group
                0x0000000020000258        0x4 ./Peripheral/src/ch32v00x_misc.o
                0x0000000020000258                NVIC_Priority_Group
 .bss.p_ms      0x000000002000025c        0x2 ./Debug/debug.o
 .bss.p_us      0x000000002000025e        0x1 ./Debug/debug.o
 *(.gnu.linkonce.b.*)
 *(COMMON*)
 *fill*         0x000000002000025f        0x1 
 COMMON         0x0000000020000260        0x4 c:/mounriver/mounriver_studio2/resources/app/resources/win32/components/wch/toolchain/risc-v embedded gcc/bin/../lib/gcc/riscv-none-embed/8.2.0/../../../../riscv-none-embed/lib/rv32ecxw/ilp32e\libg_nano.a(lib_a-reent.o)
                0x0000000020000260                errno
                0x0000000020000264                . = ALIGN (0x4)
                0x0000000020000264                PROVIDE (_ebss = .)
                0x0000000020000264                PROVIDE (_end = _ebss)
                [!provide]                        PROVIDE (end = .)

.stack          0x0000000020000700      0x100
                0x0000000020000700                PROVIDE (_heap_end = .)
                0x0000000020000700                . = ALIGN (0x4)
                [!provide]                        PROVIDE (_susrstack = .)
                0x0000000020000800                . = (. + __stack_size)
 *fill*         0x0000000020000700      0x100 
                0x0000000020000800                PROVIDE (_eusrstack = .)
OUTPUT(Embarcados1-1.elf elf32-littleriscv)

.debug_info     0x0000000000000000     0xf581
 .debug_info    0x0000000000000000      0xbc0 ./User/ch32v00x_it.o
 .debug_info    0x0000000000000bc0     0x211c ./User/main.o
 .debug_info    0x0000000000002cdc      0xc94 ./User/system_ch32v00x.o
 .debug_info    0x0000000000003970       0x22 ./Startup/startup_ch32v00x.o
 .debug_info    0x0000000000003992     0x1526 ./Peripheral/src/ch32v00x_adc.o
 .debug_info    0x0000000000004eb8      0xd17 ./Peripheral/src/ch32v00x_dma.o
 .debug_info    0x0000000000005bcf     0x1481 ./Peripheral/src/ch32v00x_flash.o
 .debug_info    0x0000000000007050     0x1034 ./Peripheral/src/ch32v00x_gpio.o
 .debug_info    0x0000000000008084      0xdc5 ./Peripheral/src/ch32v00x_misc.o
 .debug_info    0x0000000000008e49      0xaa5 ./Peripheral/src/ch32v00x_opa.o
 .debug_info    0x00000000000098ee     0x108c ./Peripheral/src/ch32v00x_rcc.o
 .debug_info    0x000000000000a97a     0x297f ./Peripheral/src/ch32v00x_tim.o
 .debug_info    0x000000000000d2f9     0x1351 ./Peripheral/src/ch32v00x_usart.o
 .debug_info    0x000000000000e64a      0xf37 ./Debug/debug.o

.debug_abbrev   0x0000000000000000     0x2848
 .debug_abbrev  0x0000000000000000      0x22c ./User/ch32v00x_it.o
 .debug_abbrev  0x000000000000022c      0x33c ./User/main.o
 .debug_abbrev  0x0000000000000568      0x2ee ./User/system_ch32v00x.o
 .debug_abbrev  0x0000000000000856       0x12 ./Startup/startup_ch32v00x.o
 .debug_abbrev  0x0000000000000868      0x307 ./Peripheral/src/ch32v00x_adc.o
 .debug_abbrev  0x0000000000000b6f      0x302 ./Peripheral/src/ch32v00x_dma.o
 .debug_abbrev  0x0000000000000e71      0x3fa ./Peripheral/src/ch32v00x_flash.o
 .debug_abbrev  0x000000000000126b      0x309 ./Peripheral/src/ch32v00x_gpio.o
 .debug_abbrev  0x0000000000001574      0x2e1 ./Peripheral/src/ch32v00x_misc.o
 .debug_abbrev  0x0000000000001855      0x230 ./Peripheral/src/ch32v00x_opa.o
 .debug_abbrev  0x0000000000001a85      0x389 ./Peripheral/src/ch32v00x_rcc.o
 .debug_abbrev  0x0000000000001e0e      0x408 ./Peripheral/src/ch32v00x_tim.o
 .debug_abbrev  0x0000000000002216      0x323 ./Peripheral/src/ch32v00x_usart.o
 .debug_abbrev  0x0000000000002539      0x30f ./Debug/debug.o

.debug_aranges  0x0000000000000000      0x998
 .debug_aranges
                0x0000000000000000       0x28 ./User/ch32v00x_it.o
 .debug_aranges
                0x0000000000000028       0x70 ./User/main.o
 .debug_aranges
                0x0000000000000098       0x28 ./User/system_ch32v00x.o
 .debug_aranges
                0x00000000000000c0       0x30 ./Startup/startup_ch32v00x.o
 .debug_aranges
                0x00000000000000f0      0x138 ./Peripheral/src/ch32v00x_adc.o
 .debug_aranges
                0x0000000000000228       0x60 ./Peripheral/src/ch32v00x_dma.o
 .debug_aranges
                0x0000000000000288      0x110 ./Peripheral/src/ch32v00x_flash.o
 .debug_aranges
                0x0000000000000398       0x98 ./Peripheral/src/ch32v00x_gpio.o
 .debug_aranges
                0x0000000000000430       0x28 ./Peripheral/src/ch32v00x_misc.o
 .debug_aranges
                0x0000000000000458       0x38 ./Peripheral/src/ch32v00x_opa.o
 .debug_aranges
                0x0000000000000490       0xe0 ./Peripheral/src/ch32v00x_rcc.o
 .debug_aranges
                0x0000000000000570      0x2d8 ./Peripheral/src/ch32v00x_tim.o
 .debug_aranges
                0x0000000000000848      0x100 ./Peripheral/src/ch32v00x_usart.o
 .debug_aranges
                0x0000000000000948       0x50 ./Debug/debug.o

.debug_ranges   0x0000000000000000      0x940
 .debug_ranges  0x0000000000000000       0x18 ./User/ch32v00x_it.o
 .debug_ranges  0x0000000000000018       0x60 ./User/main.o
 .debug_ranges  0x0000000000000078       0x50 ./User/system_ch32v00x.o
 .debug_ranges  0x00000000000000c8       0x28 ./Startup/startup_ch32v00x.o
 .debug_ranges  0x00000000000000f0      0x128 ./Peripheral/src/ch32v00x_adc.o
 .debug_ranges  0x0000000000000218       0x50 ./Peripheral/src/ch32v00x_dma.o
 .debug_ranges  0x0000000000000268      0x100 ./Peripheral/src/ch32v00x_flash.o
 .debug_ranges  0x0000000000000368       0x88 ./Peripheral/src/ch32v00x_gpio.o
 .debug_ranges  0x00000000000003f0       0x30 ./Peripheral/src/ch32v00x_misc.o
 .debug_ranges  0x0000000000000420       0x28 ./Peripheral/src/ch32v00x_opa.o
 .debug_ranges  0x0000000000000448       0xd0 ./Peripheral/src/ch32v00x_rcc.o
 .debug_ranges  0x0000000000000518      0x2f8 ./Peripheral/src/ch32v00x_tim.o
 .debug_ranges  0x0000000000000810       0xf0 ./Peripheral/src/ch32v00x_usart.o
 .debug_ranges  0x0000000000000900       0x40 ./Debug/debug.o

.debug_line     0x0000000000000000     0xc6cd
 .debug_line    0x0000000000000000      0x324 ./User/ch32v00x_it.o
 .debug_line    0x0000000000000324     0x1575 ./User/main.o
 .debug_line    0x0000000000001899      0x752 ./User/system_ch32v00x.o
 .debug_line    0x0000000000001feb      0x148 ./Startup/startup_ch32v00x.o
 .debug_line    0x0000000000002133     0x14be ./Peripheral/src/ch32v00x_adc.o
 .debug_line    0x00000000000035f1      0x819 ./Peripheral/src/ch32v00x_dma.o
 .debug_line    0x0000000000003e0a     0x1cab ./Peripheral/src/ch32v00x_flash.o
 .debug_line    0x0000000000005ab5      0xc79 ./Peripheral/src/ch32v00x_gpio.o
 .debug_line    0x000000000000672e      0x460 ./Peripheral/src/ch32v00x_misc.o
 .debug_line    0x0000000000006b8e      0x467 ./Peripheral/src/ch32v00x_opa.o
 .debug_line    0x0000000000006ff5      0xe80 ./Peripheral/src/ch32v00x_rcc.o
 .debug_line    0x0000000000007e75     0x30db ./Peripheral/src/ch32v00x_tim.o
 .debug_line    0x000000000000af50      0xf8a ./Peripheral/src/ch32v00x_usart.o
 .debug_line    0x000000000000beda      0x7f3 ./Debug/debug.o

.debug_str      0x0000000000000000     0x2f8f
 .debug_str     0x0000000000000000      0x621 ./User/ch32v00x_it.o
                                        0x68f (size before relaxing)
 .debug_str     0x0000000000000621      0xd1d ./User/main.o
                                       0x1345 (size before relaxing)
 .debug_str     0x000000000000133e      0x133 ./User/system_ch32v00x.o
                                        0x752 (size before relaxing)
 .debug_str     0x0000000000001471       0x65 ./Startup/startup_ch32v00x.o
 .debug_str     0x00000000000014d6      0x3d5 ./Peripheral/src/ch32v00x_adc.o
                                        0xb94 (size before relaxing)
 .debug_str     0x00000000000018ab       0xb4 ./Peripheral/src/ch32v00x_dma.o
                                        0x7fd (size before relaxing)
 .debug_str     0x000000000000195f      0x3fa ./Peripheral/src/ch32v00x_flash.o
                                        0xabf (size before relaxing)
 .debug_str     0x0000000000001d59      0x19e ./Peripheral/src/ch32v00x_gpio.o
                                        0x94d (size before relaxing)
 .debug_str     0x0000000000001ef7       0x9c ./Peripheral/src/ch32v00x_misc.o
                                        0x915 (size before relaxing)
 .debug_str     0x0000000000001f93       0x62 ./Peripheral/src/ch32v00x_opa.o
                                        0x677 (size before relaxing)
 .debug_str     0x0000000000001ff5      0x284 ./Peripheral/src/ch32v00x_rcc.o
                                        0x9bb (size before relaxing)
 .debug_str     0x0000000000002279      0x940 ./Peripheral/src/ch32v00x_tim.o
                                       0x1275 (size before relaxing)
 .debug_str     0x0000000000002bb9      0x33f ./Peripheral/src/ch32v00x_usart.o
                                        0xb0a (size before relaxing)
 .debug_str     0x0000000000002ef8       0x97 ./Debug/debug.o
                                        0x90b (size before relaxing)

.comment        0x0000000000000000       0x33
 .comment       0x0000000000000000       0x33 ./User/ch32v00x_it.o
                                         0x34 (size before relaxing)
 .comment       0x0000000000000033       0x34 ./User/main.o
 .comment       0x0000000000000033       0x34 ./User/system_ch32v00x.o
 .comment       0x0000000000000033       0x34 ./Peripheral/src/ch32v00x_adc.o
 .comment       0x0000000000000033       0x34 ./Peripheral/src/ch32v00x_dma.o
 .comment       0x0000000000000033       0x34 ./Peripheral/src/ch32v00x_flash.o
 .comment       0x0000000000000033       0x34 ./Peripheral/src/ch32v00x_gpio.o
 .comment       0x0000000000000033       0x34 ./Peripheral/src/ch32v00x_misc.o
 .comment       0x0000000000000033       0x34 ./Peripheral/src/ch32v00x_opa.o
 .comment       0x0000000000000033       0x34 ./Peripheral/src/ch32v00x_rcc.o
 .comment       0x0000000000000033       0x34 ./Peripheral/src/ch32v00x_tim.o
 .comment       0x0000000000000033       0x34 ./Peripheral/src/ch32v00x_usart.o
 .comment       0x0000000000000033       0x34 ./Debug/debug.o
 .comment       0x0000000000000033       0x34 c:/mounriver/mounriver_studio2/resources/app/resources/win32/components/wch/toolchain/risc-v embedded gcc/bin/../lib/gcc/riscv-none-embed/8.2.0/../../../../riscv-none-embed/lib/rv32ecxw/ilp32e\libprintf.a(wchprintf.o)

.debug_frame    0x0000000000000000     0x1ca0
 .debug_frame   0x0000000000000000       0x30 ./User/ch32v00x_it.o
 .debug_frame   0x0000000000000030      0x1a0 ./User/main.o
 .debug_frame   0x00000000000001d0       0x58 ./User/system_ch32v00x.o
 .debug_frame   0x0000000000000228      0x26c ./Peripheral/src/ch32v00x_adc.o
 .debug_frame   0x0000000000000494       0xcc ./Peripheral/src/ch32v00x_dma.o
 .debug_frame   0x0000000000000560      0x324 ./Peripheral/src/ch32v00x_flash.o
 .debug_frame   0x0000000000000884      0x154 ./Peripheral/src/ch32v00x_gpio.o
 .debug_frame   0x00000000000009d8       0x30 ./Peripheral/src/ch32v00x_misc.o
 .debug_frame   0x0000000000000a08       0x50 ./Peripheral/src/ch32v00x_opa.o
 .debug_frame   0x0000000000000a58      0x1dc ./Peripheral/src/ch32v00x_rcc.o
 .debug_frame   0x0000000000000c34      0x624 ./Peripheral/src/ch32v00x_tim.o
 .debug_frame   0x0000000000001258      0x204 ./Peripheral/src/ch32v00x_usart.o
 .debug_frame   0x000000000000145c       0xe4 ./Debug/debug.o
 .debug_frame   0x0000000000001540       0x54 c:/mounriver/mounriver_studio2/resources/app/resources/win32/components/wch/toolchain/risc-v embedded gcc/bin/../lib/gcc/riscv-none-embed/8.2.0/../../../../riscv-none-embed/lib/rv32ecxw/ilp32e\libg_nano.a(lib_a-sscanf.o)
 .debug_frame   0x0000000000001594       0x9c c:/mounriver/mounriver_studio2/resources/app/resources/win32/components/wch/toolchain/risc-v embedded gcc/bin/../lib/gcc/riscv-none-embed/8.2.0/../../../../riscv-none-embed/lib/rv32ecxw/ilp32e\libg_nano.a(lib_a-stdio.o)
 .debug_frame   0x0000000000001630       0x20 c:/mounriver/mounriver_studio2/resources/app/resources/win32/components/wch/toolchain/risc-v embedded gcc/bin/../lib/gcc/riscv-none-embed/8.2.0/../../../../riscv-none-embed/lib/rv32ecxw/ilp32e\libg_nano.a(lib_a-strlen.o)
 .debug_frame   0x0000000000001650       0x88 c:/mounriver/mounriver_studio2/resources/app/resources/win32/components/wch/toolchain/risc-v embedded gcc/bin/../lib/gcc/riscv-none-embed/8.2.0/../../../../riscv-none-embed/lib/rv32ecxw/ilp32e\libg_nano.a(lib_a-nano-svfscanf.o)
 .debug_frame   0x00000000000016d8       0x60 c:/mounriver/mounriver_studio2/resources/app/resources/win32/components/wch/toolchain/risc-v embedded gcc/bin/../lib/gcc/riscv-none-embed/8.2.0/../../../../riscv-none-embed/lib/rv32ecxw/ilp32e\libg_nano.a(lib_a-nano-vfscanf_i.o)
 .debug_frame   0x0000000000001738       0x64 c:/mounriver/mounriver_studio2/resources/app/resources/win32/components/wch/toolchain/risc-v embedded gcc/bin/../lib/gcc/riscv-none-embed/8.2.0/../../../../riscv-none-embed/lib/rv32ecxw/ilp32e\libg_nano.a(lib_a-reent.o)
 .debug_frame   0x000000000000179c       0x20 c:/mounriver/mounriver_studio2/resources/app/resources/win32/components/wch/toolchain/risc-v embedded gcc/bin/../lib/gcc/riscv-none-embed/8.2.0/../../../../riscv-none-embed/lib/rv32ecxw/ilp32e\libg_nano.a(lib_a-sccl.o)
 .debug_frame   0x00000000000017bc       0x68 c:/mounriver/mounriver_studio2/resources/app/resources/win32/components/wch/toolchain/risc-v embedded gcc/bin/../lib/gcc/riscv-none-embed/8.2.0/../../../../riscv-none-embed/lib/rv32ecxw/ilp32e\libg_nano.a(lib_a-strtol.o)
 .debug_frame   0x0000000000001824       0x68 c:/mounriver/mounriver_studio2/resources/app/resources/win32/components/wch/toolchain/risc-v embedded gcc/bin/../lib/gcc/riscv-none-embed/8.2.0/../../../../riscv-none-embed/lib/rv32ecxw/ilp32e\libg_nano.a(lib_a-strtoul.o)
 .debug_frame   0x000000000000188c       0x70 c:/mounriver/mounriver_studio2/resources/app/resources/win32/components/wch/toolchain/risc-v embedded gcc/bin/../lib/gcc/riscv-none-embed/8.2.0/../../../../riscv-none-embed/lib/rv32ecxw/ilp32e\libg_nano.a(lib_a-ungetc.o)
 .debug_frame   0x00000000000018fc      0x13c c:/mounriver/mounriver_studio2/resources/app/resources/win32/components/wch/toolchain/risc-v embedded gcc/bin/../lib/gcc/riscv-none-embed/8.2.0/../../../../riscv-none-embed/lib/rv32ecxw/ilp32e\libg_nano.a(lib_a-findfp.o)
 .debug_frame   0x0000000000001a38       0x78 c:/mounriver/mounriver_studio2/resources/app/resources/win32/components/wch/toolchain/risc-v embedded gcc/bin/../lib/gcc/riscv-none-embed/8.2.0/../../../../riscv-none-embed/lib/rv32ecxw/ilp32e\libg_nano.a(lib_a-locale.o)
 .debug_frame   0x0000000000001ab0       0x38 c:/mounriver/mounriver_studio2/resources/app/resources/win32/components/wch/toolchain/risc-v embedded gcc/bin/../lib/gcc/riscv-none-embed/8.2.0/../../../../riscv-none-embed/lib/rv32ecxw/ilp32e\libg_nano.a(lib_a-mbtowc_r.o)
 .debug_frame   0x0000000000001ae8       0x20 c:/mounriver/mounriver_studio2/resources/app/resources/win32/components/wch/toolchain/risc-v embedded gcc/bin/../lib/gcc/riscv-none-embed/8.2.0/../../../../riscv-none-embed/lib/rv32ecxw/ilp32e\libg_nano.a(lib_a-memchr.o)
 .debug_frame   0x0000000000001b08       0x38 c:/mounriver/mounriver_studio2/resources/app/resources/win32/components/wch/toolchain/risc-v embedded gcc/bin/../lib/gcc/riscv-none-embed/8.2.0/../../../../riscv-none-embed/lib/rv32ecxw/ilp32e\libg_nano.a(lib_a-memcpy.o)
 .debug_frame   0x0000000000001b40       0x40 c:/mounriver/mounriver_studio2/resources/app/resources/win32/components/wch/toolchain/risc-v embedded gcc/bin/../lib/gcc/riscv-none-embed/8.2.0/../../../../riscv-none-embed/lib/rv32ecxw/ilp32e\libg_nano.a(lib_a-nano-freer.o)
 .debug_frame   0x0000000000001b80       0x38 c:/mounriver/mounriver_studio2/resources/app/resources/win32/components/wch/toolchain/risc-v embedded gcc/bin/../lib/gcc/riscv-none-embed/8.2.0/../../../../riscv-none-embed/lib/rv32ecxw/ilp32e\libg_nano.a(lib_a-nano-mallocr.o)
 .debug_frame   0x0000000000001bb8       0x38 c:/mounriver/mounriver_studio2/resources/app/resources/win32/components/wch/toolchain/risc-v embedded gcc/bin/../lib/gcc/riscv-none-embed/8.2.0/../../../../riscv-none-embed/lib/rv32ecxw/ilp32e\libg_nano.a(lib_a-nano-reallocr.o)
 .debug_frame   0x0000000000001bf0       0x30 c:/mounriver/mounriver_studio2/resources/app/resources/win32/components/wch/toolchain/risc-v embedded gcc/bin/../lib/gcc/riscv-none-embed/8.2.0/../../../../riscv-none-embed/lib/rv32ecxw/ilp32e\libg_nano.a(lib_a-sbrkr.o)
 .debug_frame   0x0000000000001c20       0x30 c:/mounriver/mounriver_studio2/resources/app/resources/win32/components/wch/toolchain/risc-v embedded gcc/bin/../lib/gcc/riscv-none-embed/8.2.0/../../../../riscv-none-embed/lib/rv32ecxw/ilp32e\libg_nano.a(lib_a-wctomb_r.o)
 .debug_frame   0x0000000000001c50       0x30 c:/mounriver/mounriver_studio2/resources/app/resources/win32/components/wch/toolchain/risc-v embedded gcc/bin/../lib/gcc/riscv-none-embed/8.2.0/../../../../riscv-none-embed/lib/rv32ecxw/ilp32e\libg_nano.a(lib_a-mlock.o)
 .debug_frame   0x0000000000001c80       0x20 c:/mounriver/mounriver_studio2/resources/app/resources/win32/components/wch/toolchain/risc-v embedded gcc/bin/../lib/gcc/riscv-none-embed/8.2.0/../../../../riscv-none-embed/lib/rv32ecxw/ilp32e\libg_nano.a(lib_a-nano-msizer.o)

.debug_loc      0x0000000000000000     0x4502
 .debug_loc     0x0000000000000000       0x51 ./User/main.o
 .debug_loc     0x0000000000000051       0x55 ./User/system_ch32v00x.o
 .debug_loc     0x00000000000000a6      0x9fa ./Peripheral/src/ch32v00x_adc.o
 .debug_loc     0x0000000000000aa0      0x14a ./Peripheral/src/ch32v00x_dma.o
 .debug_loc     0x0000000000000bea      0xad0 ./Peripheral/src/ch32v00x_flash.o
 .debug_loc     0x00000000000016ba      0x5e2 ./Peripheral/src/ch32v00x_gpio.o
 .debug_loc     0x0000000000001c9c       0x47 ./Peripheral/src/ch32v00x_misc.o
 .debug_loc     0x0000000000001ce3       0x35 ./Peripheral/src/ch32v00x_opa.o
 .debug_loc     0x0000000000001d18      0x5e3 ./Peripheral/src/ch32v00x_rcc.o
 .debug_loc     0x00000000000022fb     0x1936 ./Peripheral/src/ch32v00x_tim.o
 .debug_loc     0x0000000000003c31      0x735 ./Peripheral/src/ch32v00x_usart.o
 .debug_loc     0x0000000000004366      0x19c ./Debug/debug.o

.stabstr        0x0000000000000000       0xa9
 .stabstr       0x0000000000000000       0xa9 c:/mounriver/mounriver_studio2/resources/app/resources/win32/components/wch/toolchain/risc-v embedded gcc/bin/../lib/gcc/riscv-none-embed/8.2.0/../../../../riscv-none-embed/lib/rv32ecxw/ilp32e\libnosys.a(close.o)
